// Jest Snapshot v1, https://goo.gl/fbAQLP

exports[`Box matches snapshot 1`] = `
<div
  className="Box-sc-qv0gud-0 gBFWCr"
/>
`;
